DELETE /api/admin/content/friend-groups/:group_id
DELETE /api/admin/content/friend-groups/:group_id/items/:item_id
DELETE /api/admin/content/friend-links/:id
DELETE /api/admin/game-account-bindings/:server/:game_user_id
DELETE /api/admin/oauth-clients/:client_id
DELETE /api/admin/oauth-clients/:client_id/webhooks/:webhook_id
DELETE /api/admin/users/:target_user_id
DELETE /api/admin/users/:target_user_id/authorized-social-platforms/:platform_id
DELETE /api/admin/users/:target_user_id/game-account-bindings/:server/:game_user_id
DELETE /api/admin/users/:target_user_id/ios-upload-code
DELETE /api/admin/users/:target_user_id/social-platform
DELETE /api/admin/webhooks/:webhook_id
DELETE /api/user/:toolbox_user_id/authorize-social-platform/:id/
DELETE /api/user/:toolbox_user_id/game-account-grants/:server/:game_user_id/:data_type/:grantee_user_id
DELETE /api/user/:toolbox_user_id/game-account/:server/:game_user_id
DELETE /api/user/:toolbox_user_id/oauth2/authorizations/:client_id
DELETE /api/user/:toolbox_user_id/social-platform/clear
DELETE /api/webhook/:server/:data_type/:user_id
DELETE /internal/mysekai-birthday-monitors/:subscription_id
DELETE /webhook/:server/:data_type/:user_id
GET /api/admin/config/public-api-keys
GET /api/admin/config/runtime
GET /api/admin/content/friend-groups
GET /api/admin/content/friend-links
GET /api/admin/game-account-bindings
GET /api/admin/me/ticket-notifications
GET /api/admin/oauth-clients
GET /api/admin/oauth-clients/:client_id/audit-logs
GET /api/admin/oauth-clients/:client_id/audit-summary
GET /api/admin/oauth-clients/:client_id/authorizations
GET /api/admin/oauth-clients/:client_id/statistics
GET /api/admin/oauth-clients/:client_id/webhooks
GET /api/admin/risk/events
GET /api/admin/risk/rules
GET /api/admin/sponsors
GET /api/admin/statistics/dashboard
GET /api/admin/statistics/timeseries
GET /api/admin/statistics/upload-logs
GET /api/admin/system-logs
GET /api/admin/system-logs/:id
GET /api/admin/system-logs/export
GET /api/admin/system-logs/summary
GET /api/admin/tickets
GET /api/admin/tickets/:ticket_id
GET /api/admin/users
GET /api/admin/users/:target_user_id/activity
GET /api/admin/users/:target_user_id/authorized-social-platforms
GET /api/admin/users/:target_user_id/detail
GET /api/admin/users/:target_user_id/game-account-bindings
GET /api/admin/users/:target_user_id/oauth-authorizations
GET /api/admin/users/:target_user_id/role
GET /api/admin/users/:target_user_id/social-platform
GET /api/admin/users/ticket-notification-recipients
GET /api/admin/webhooks
GET /api/admin/webhooks/:webhook_id/subscribers
GET /api/admin/webhooks/settings
GET /api/haruki-bot-neo/status
GET /api/health
GET /api/ios/module/:upload_code/*
GET /api/ios/proxy/:server/suite/user/:user_id
GET /api/ios/script/:upload_code/haruki-toolbox.js
GET /api/misc/friend_groups
GET /api/misc/friend_links
GET /api/misc/sponsors
GET /api/oauth2/authorize
GET /api/oauth2/consent
GET /api/oauth2/game-data/:server/:data_type/:user_id
GET /api/oauth2/login
GET /api/oauth2/user/bindings
GET /api/oauth2/user/profile
GET /api/private/game-binding
GET /api/private/game-data/:server/:data_type/:user_id
GET /api/public/:server/:data_type/:user_id
GET /api/sponsor/afdian
GET /api/user/:toolbox_user_id/activity-logs/
GET /api/user/:toolbox_user_id/game-account-grants
GET /api/user/:toolbox_user_id/game-account-grants/received
GET /api/user/:toolbox_user_id/game-account/:server/:game_user_id/:data_type
GET /api/user/:toolbox_user_id/game-account/:server/:game_user_id/recommend-data
GET /api/user/:toolbox_user_id/get-settings
GET /api/user/:toolbox_user_id/oauth2/authorizations/
GET /api/user/:toolbox_user_id/social-platform/verification-status/:status_token
GET /api/user/:toolbox_user_id/tickets/
GET /api/user/:toolbox_user_id/tickets/:ticket_id
GET /api/user/me
GET /api/webhook/subscribers
GET /internal/mysekai-birthday-events/:event_id
GET /ios/module/:upload_code/*
GET /ios/proxy/:server/suite/user/:user_id
GET /ios/script/:upload_code/haruki-toolbox.js
GET /public/:server/:data_type/:user_id
GET /webhook/subscribers
PATCH /api/user/:toolbox_user_id/game-account/:server/:game_user_id
POST /api/admin/content/friend-groups
POST /api/admin/content/friend-groups/:group_id/items
POST /api/admin/content/friend-links
POST /api/admin/game-account-bindings/batch-delete
POST /api/admin/game-account-bindings/batch-reassign
POST /api/admin/me/reauth
POST /api/admin/oauth-clients
POST /api/admin/oauth-clients/:client_id/restore
POST /api/admin/oauth-clients/:client_id/revoke
POST /api/admin/oauth-clients/:client_id/rotate-secret
POST /api/admin/oauth-clients/:client_id/webhooks
POST /api/admin/risk/events
POST /api/admin/risk/events/:event_id/resolve
POST /api/admin/sponsors/sync/afdian
POST /api/admin/tickets/:ticket_id/messages
POST /api/admin/users/:target_user_id/force-logout
POST /api/admin/users/:target_user_id/ios-upload-code/regenerate
POST /api/admin/users/:target_user_id/reset-password
POST /api/admin/users/:target_user_id/restore
POST /api/admin/users/:target_user_id/revoke-oauth
POST /api/admin/users/batch-allow-cn-mysekai
POST /api/admin/users/batch-ban
POST /api/admin/users/batch-force-logout
POST /api/admin/users/batch-role
POST /api/admin/users/batch-unban
POST /api/admin/webhooks
POST /api/haruki-bot-neo/register
POST /api/haruki-bot-neo/send-mail
POST /api/harukiproxy/:server/:user_id/:data_type/upload
POST /api/inherit/:server/:upload_type/submit
POST /api/ios/proxy/:server/user/:user_id/mysekai
POST /api/ios/script/:upload_code/upload
POST /api/manual/:server/:user_id/:data_type/upload
POST /api/oauth2/authorize/consent
POST /api/oauth2/consent/accept
POST /api/oauth2/consent/reject
POST /api/oauth2/login/accept
POST /api/oauth2/login/reject
POST /api/oauth2/revoke
POST /api/oauth2/token
POST /api/sponsor/afdian/callback
POST /api/sponsor/afdian/callback/:secret
POST /api/user/:toolbox_user_id/authorize-social-platform/
POST /api/user/:toolbox_user_id/authorize-social-platform/:id/
POST /api/user/:toolbox_user_id/game-account/:server/:game_user_id
POST /api/user/:toolbox_user_id/ios/generate-upload-code
POST /api/user/:toolbox_user_id/social-platform/generate-verification-code
POST /api/user/:toolbox_user_id/social-platform/send-qq-mail
POST /api/user/:toolbox_user_id/social-platform/verify-qq-mail
POST /api/user/:toolbox_user_id/tickets/
POST /api/user/:toolbox_user_id/tickets/:ticket_id/close
POST /api/user/:toolbox_user_id/tickets/:ticket_id/messages
POST /api/user/login
POST /api/user/register
POST /api/user/reset-password
POST /api/user/reset-password/send
POST /api/verify-social-platform
POST /harukiproxy/:server/:user_id/:data_type/upload
POST /internal/mysekai-birthday-events/:event_id/ack
POST /ios/proxy/:server/user/:user_id/mysekai
POST /ios/script/:upload_code/upload
PUT /api/admin/config/public-api-keys
PUT /api/admin/config/runtime
PUT /api/admin/content/friend-groups/:group_id
PUT /api/admin/content/friend-groups/:group_id/items/:item_id
PUT /api/admin/content/friend-links/:id
PUT /api/admin/game-account-bindings/:server/:game_user_id/reassign
PUT /api/admin/me/ticket-notifications
PUT /api/admin/oauth-clients/:client_id
PUT /api/admin/oauth-clients/:client_id/active
PUT /api/admin/oauth-clients/:client_id/webhooks/:webhook_id
PUT /api/admin/risk/rules
PUT /api/admin/sponsors/:sponsor_id
PUT /api/admin/tickets/:ticket_id/assign
PUT /api/admin/tickets/:ticket_id/status
PUT /api/admin/users/:target_user_id/allow-cn-mysekai
PUT /api/admin/users/:target_user_id/authorized-social-platforms/:platform_id
PUT /api/admin/users/:target_user_id/ban
PUT /api/admin/users/:target_user_id/email
PUT /api/admin/users/:target_user_id/game-account-bindings/:server/:game_user_id
PUT /api/admin/users/:target_user_id/role
PUT /api/admin/users/:target_user_id/social-platform
PUT /api/admin/users/:target_user_id/ticket-notifications
PUT /api/admin/users/:target_user_id/unban
PUT /api/admin/webhooks/:webhook_id
PUT /api/admin/webhooks/settings
PUT /api/ios/proxy/:server/user/:user_id/mysekai/birthday-party/:party_id/delivery
PUT /api/user/:toolbox_user_id/authorize-social-platform/:id/
PUT /api/user/:toolbox_user_id/change-password
PUT /api/user/:toolbox_user_id/game-account-grants/:server/:game_user_id/:data_type/:grantee_user_id
PUT /api/user/:toolbox_user_id/game-account/:server/:game_user_id
PUT /api/user/:toolbox_user_id/profile
PUT /api/webhook/:server/:data_type/:user_id
PUT /internal/mysekai-birthday-monitors/:subscription_id
PUT /ios/proxy/:server/user/:user_id/mysekai/birthday-party/:party_id/delivery
PUT /webhook/:server/:data_type/:user_id
